node.exe : npm warn Unknown cli config "--debug". This will stop 
working in the next major version of npm.
No linha:1 caractere:1
+ & "C:\Program Files\nodejs/node.exe" "C:\Program 
Files\nodejs/node_mo ...
+ ~~~~~~~~~~~~~~~~~~~~~~~~~~~~~~~~~~~~~~~~~~~~~~~~~~~~~~~~~~~~~~~~~~
~~~
    + CategoryInfo          : NotSpecified: (npm warn Unknow...vers 
   ion of npm.:String) [], RemoteException
    + FullyQualifiedErrorId : NativeCommandError
 

> portifolio-page@0.1.0 build
> next build

Ôû▓ Next.js 16.1.6 (Turbopack)

  Creating an optimized production build ...

> Build error occurred
Error: Turbopack build failed with 1 errors:
./src/app/globals.css
Error evaluating Node.js code
CssSyntaxError: C:\Users\mandr\OneDrive\Documentos\Projeto\portifoli
o-page\src\app\globals.css:7:5: The `bg-[rgba(27,` class does not 
exist. If `bg-[rgba(27,` is a custom class, make sure it is defined 
within a `@layer` directive.
    at Input.error (node_modules/postcss/lib/input.js:135:16) [C:\Us
ers\mandr\OneDrive\Documentos\Projeto\portifolio-page\.next\build\ch
unks\node_modules_fe693df6._.js:4651:22]
    at AtRule.error (node_modules/postcss/lib/node.js:146:32) [C:\Us
ers\mandr\OneDrive\Documentos\Projeto\portifolio-page\.next\build\ch
unks\node_modules_fe693df6._.js:928:38]
    [at processApply (C:\Users\mandr\OneDrive\Documentos\Projeto\por
tifolio-page\node_modules\tailwindcss\lib\lib\expandApplyAtRules.js:
380:29)]
    [at C:\Users\mandr\OneDrive\Documentos\Projeto\portifolio-page\n
ode_modules\tailwindcss\lib\lib\expandApplyAtRules.js:551:9]
    [at C:\Users\mandr\OneDrive\Documentos\Projeto\portifolio-page\n
ode_modules\tailwindcss\lib\processTailwindFeatures.js:55:50]
    [at async plugins (C:\Users\mandr\OneDrive\Documentos\Projeto\po
rtifolio-page\node_modules\tailwindcss\lib\plugin.js:38:17)]
    at async LazyResult.runAsync 
(node_modules/postcss/lib/lazy-result.js:293:11) [C:\Users\mandr\One
Drive\Documentos\Projeto\portifolio-page\.next\build\chunks\node_mod
ules_fe693df6._.js:6206:21]
    at async transform 
(turbopack:///[turbopack-node]/transforms/postcss.ts:70:34) [C:\User
s\mandr\OneDrive\Documentos\Projeto\portifolio-page\.next\build\chun
ks\[root-of-the-server]__6d51cb5d._.js:172:36]
    at async run 
(turbopack:///[turbopack-node]/ipc/evaluate.ts:92:23) [C:\Users\mand
r\OneDrive\Documentos\Projeto\portifolio-page\.next\build\chunks\[ro
ot-of-the-server]__44695d76._.js:443:31]

Import trace:
  Client Component Browser:
    ./src/app/globals.css [Client Component Browser]
    ./src/app/layout.tsx [Server Component]


    at async transform 
(turbopack:///[turbopack-node]/transforms/postcss.ts:70:34) [C:\User
s\mandr\OneDrive\Documentos\Projeto\portifolio-page\.next\build\chun
ks\[root-of-the-server]__6d51cb5d._.js:172:36])
    at async run 
(turbopack:///[turbopack-node]/ipc/evaluate.ts:92:23) [C:\Users\mand
r\OneDrive\Documentos\Projeto\portifolio-page\.next\build\chunks\[ro
ot-of-the-server]__44695d76._.js:443:31])
